// Jest Snapshot v1, https://goo.gl/fbAQLP

exports[`Carousel atom should renders correctly 1`] = `
<div
  className="slick-slider slick-initialized"
  dir="ltr"
>
  <div
    alt="alt-prevArrowButton"
    className="slick-arrow slick-prev"
    data-role="none"
    onClick={[Function]}
    style={
      Object {
        "display": "block",
      }
    }
    title="alt-prevArrowButton"
  >
    <svg
      aria-hidden="true"
      aria-label="alt-prevArrowButton"
      className="MuiSvgIcon-root-1 MuiSvgIcon-colorPrimary-2"
      focusable="false"
      role="presentation"
      viewBox="0 0 24 24"
    >
      <path
        d="M0 0h24v24H0V0z"
        fill="none"
      />
      <path
        d="M15.41 7.41L14 6l-6 6 6 6 1.41-1.41L10.83 12l4.58-4.59z"
      />
    </svg>
  </div>
  <div
    className="slick-list"
    onClick={[Function]}
    onKeyDown={[Function]}
    onMouseDown={[Function]}
    onMouseLeave={null}
    onMouseMove={null}
    onMouseUp={[Function]}
    onTouchCancel={null}
    onTouchEnd={[Function]}
    onTouchMove={null}
    onTouchStart={[Function]}
    style={Object {}}
  >
    <div
      className="slick-track"
      onMouseEnter={[Function]}
      onMouseLeave={[Function]}
      onMouseOver={[Function]}
      style={
        Object {
          "WebkitTransform": "translate3d(0px, 0px, 0px)",
          "WebkitTransition": "",
          "msTransform": "translateX(0px)",
          "opacity": 1,
          "transform": "translate3d(0px, 0px, 0px)",
          "transition": "",
        }
      }
    >
      <div
        aria-hidden={true}
        className="slick-slide slick-cloned"
        data-index={-1}
        onClick={[Function]}
        style={
          Object {
            "width": 0,
          }
        }
        tabIndex="-1"
      >
        <div>
          <div
            style={
              Object {
                "display": "inline-block",
                "width": "100%",
              }
            }
            tabIndex={-1}
          >
            3
          </div>
        </div>
      </div>
      <div
        aria-hidden={false}
        className="slick-slide slick-active slick-current"
        data-index={0}
        onClick={[Function]}
        style={
          Object {
            "outline": "none",
            "width": 0,
          }
        }
        tabIndex="-1"
      >
        <div>
          <div
            style={
              Object {
                "display": "inline-block",
                "width": "100%",
              }
            }
            tabIndex={-1}
          >
            1
          </div>
        </div>
      </div>
      <div
        aria-hidden={true}
        className="slick-slide"
        data-index={1}
        onClick={[Function]}
        style={
          Object {
            "outline": "none",
            "width": 0,
          }
        }
        tabIndex="-1"
      >
        <div>
          <div
            style={
              Object {
                "display": "inline-block",
                "width": "100%",
              }
            }
            tabIndex={-1}
          >
            2
          </div>
        </div>
      </div>
      <div
        aria-hidden={true}
        className="slick-slide"
        data-index={2}
        onClick={[Function]}
        style={
          Object {
            "outline": "none",
            "width": 0,
          }
        }
        tabIndex="-1"
      >
        <div>
          <div
            style={
              Object {
                "display": "inline-block",
                "width": "100%",
              }
            }
            tabIndex={-1}
          >
            3
          </div>
        </div>
      </div>
      <div
        aria-hidden={true}
        className="slick-slide slick-cloned"
        data-index={3}
        onClick={[Function]}
        style={
          Object {
            "width": 0,
          }
        }
        tabIndex="-1"
      >
        <div>
          <div
            style={
              Object {
                "display": "inline-block",
                "width": "100%",
              }
            }
            tabIndex={-1}
          >
            1
          </div>
        </div>
      </div>
      <div
        aria-hidden={true}
        className="slick-slide slick-cloned"
        data-index={4}
        onClick={[Function]}
        style={
          Object {
            "width": 0,
          }
        }
        tabIndex="-1"
      >
        <div>
          <div
            style={
              Object {
                "display": "inline-block",
                "width": "100%",
              }
            }
            tabIndex={-1}
          >
            2
          </div>
        </div>
      </div>
      <div
        aria-hidden={true}
        className="slick-slide slick-cloned"
        data-index={5}
        onClick={[Function]}
        style={
          Object {
            "width": 0,
          }
        }
        tabIndex="-1"
      >
        <div>
          <div
            style={
              Object {
                "display": "inline-block",
                "width": "100%",
              }
            }
            tabIndex={-1}
          >
            3
          </div>
        </div>
      </div>
    </div>
  </div>
  <div
    alt="alt-nextArrowButton"
    className="slick-arrow slick-next"
    data-role="none"
    onClick={[Function]}
    style={
      Object {
        "display": "block",
      }
    }
    title="alt-nextArrowButton"
  >
    <svg
      aria-hidden="true"
      aria-label="alt-nextArrowButton"
      className="MuiSvgIcon-root-1 MuiSvgIcon-colorPrimary-2"
      focusable="false"
      role="presentation"
      viewBox="0 0 24 24"
    >
      <path
        d="M0 0h24v24H0V0z"
        fill="none"
      />
      <path
        d="M10 6L8.59 7.41 13.17 12l-4.58 4.59L10 18l6-6-6-6z"
      />
    </svg>
  </div>
</div>
`;
