// Jest Snapshot v1, https://goo.gl/fbAQLP

exports[`<GridItem/> renders correctly with empty props 1`] = `
<div
  className="MuiGrid-item-3 GridItem-grid-1"
>
  My content goes here
</div>
`;
