// Jest Snapshot v1, https://goo.gl/fbAQLP

exports[`<Button/> renders correctly with empty props 1`] = `
<CustomButton
  block={false}
  className=""
  classes={
    Object {
      "black": "CustomButton-black-9",
      "block": "CustomButton-block-21",
      "button": "CustomButton-button-1",
      "cap": "CustomButton-cap-25",
      "disabled": "CustomButton-disabled-17",
      "error": "CustomButton-error-8",
      "facebook": "CustomButton-facebook-12",
      "fullWidth": "CustomButton-fullWidth-2",
      "github": "CustomButton-github-14",
      "google": "CustomButton-google-13",
      "iht": "CustomButton-iht-26",
      "info": "CustomButton-info-5",
      "justIcon": "CustomButton-justIcon-24",
      "lg": "CustomButton-lg-18",
      "link": "CustomButton-link-22",
      "lwc": "CustomButton-lwc-27",
      "nn": "CustomButton-nn-28",
      "outlined": "CustomButton-outlined-23",
      "primary": "CustomButton-primary-3",
      "round": "CustomButton-round-20",
      "secondary": "CustomButton-secondary-4",
      "simple": "CustomButton-simple-15",
      "sm": "CustomButton-sm-19",
      "success": "CustomButton-success-6",
      "transparent": "CustomButton-transparent-16",
      "twitter": "CustomButton-twitter-11",
      "upc": "CustomButton-upc-29",
      "warning": "CustomButton-warning-7",
      "white": "CustomButton-white-10",
    }
  }
  color="primary"
  disabled={false}
  fullWidth={false}
  justIcon={false}
  link={false}
  outlined={false}
  round={true}
  simple={false}
  size=""
  textTransform="upc"
/>
`;

exports[`<Button/> renders correctly with props 1`] = `
<button
  aria-label="Checkout"
  className="MuiButtonBase-root-56 MuiButton-root-30 MuiButton-text-32 MuiButton-flat-35 CustomButton-button-1 CustomButton-primary-3 CustomButton-round-20 CustomButton-upc-29"
  disabled={false}
  onBlur={[Function]}
  onContextMenu={[Function]}
  onFocus={[Function]}
  onKeyDown={[Function]}
  onKeyUp={[Function]}
  onMouseDown={[Function]}
  onMouseLeave={[Function]}
  onMouseUp={[Function]}
  onTouchEnd={[Function]}
  onTouchMove={[Function]}
  onTouchStart={[Function]}
  style={
    Object {
      "backgroudColor": "#f9a825",
    }
  }
  tabIndex="0"
  type="button"
>
  <span
    className="MuiButton-label-31"
  >
    Click Here
  </span>
  <span
    className="MuiTouchRipple-root-59"
  />
</button>
`;
